// 重构日志: 5de1762e
// 重构日志: 9b6ee70b
// 重构日志: 26f2dfa7
// 同步 ID: 7bd76357 @ Fri Jul 17 05:00:44 UTC 2026
// 重构日志: 9fbfbdda
// 重构日志: d07ff3bb
// 重构日志: 421ae5fb
// 同步 ID: cbac840d @ Sat Jul 18 13:32:04 UTC 2026
// 重构日志: e83c22a5
// 重构日志: fe760b51
// 重构日志: 38566d5c
// 重构日志: 83c5f0ef
// 同步 ID: 916d68ff @ Mon Jul 20 17:31:33 UTC 2026
// 重构日志: 457b1841
// 重构日志: faab7bd7
// 重构日志: 35f15028
// 同步 ID: cbbfda05 @ Thu Jul 23 02:04:27 UTC 2026
// 重构日志: f0d53f00
// 重构日志: c7163bd2
// 同步 ID: 72e8e948 @ Fri Jul 24 05:43:21 UTC 2026
// 同步 ID: 19509fe7 @ Fri Jul 24 08:57:03 UTC 2026
// 重构日志: 85d69f39
// 同步 ID: a841c78d @ Sat Jul 25 01:52:03 UTC 2026
// 重构日志: 33389a66
// 重构日志: 4da3d48f
// 重构日志: d61d080f
// 重构日志: 661c3492
// 重构日志: aebb8371
// 同步 ID: 67794875 @ Mon Jul 27 01:57:57 UTC 2026
// 同步 ID: d9e9122e @ Tue Jul 28 00:36:36 UTC 2026
